local lupa = require("src.lupa")
local Token, Variant = lupa.Token, lupa.Token.Variant

return {
	Token.new(Variant.String, "Hello, \\r world!"),
	Token.new(Variant.MString, "Hello\nWorld"),
}